>pool medical_archive: DnaPool {
#^^^^ source.nuclescript keyword.control.nuclescript
#    ^ source.nuclescript
#     ^^^^^^^^^^^^^^^ source.nuclescript variable.other.nuclescript
#                    ^^ source.nuclescript
#                      ^^^^^^^ source.nuclescript storage.type.nuclescript
#                             ^^^ source.nuclescript
>    codec: YinYang,
#^^^^ source.nuclescript
#    ^^^^^ source.nuclescript variable.other.nuclescript
#         ^^ source.nuclescript
#           ^^^^^^^ source.nuclescript support.constant.codec.nuclescript
#                  ^^ source.nuclescript
>    redundancy: 4x,
#^^^^ source.nuclescript
#    ^^^^^^^^^^ source.nuclescript keyword.control.nuclescript
#              ^^ source.nuclescript
#                ^^ source.nuclescript constant.numeric.multiplier.nuclescript
#                  ^^ source.nuclescript
>    profile: Illumina
#^^^^ source.nuclescript
#    ^^^^^^^ source.nuclescript variable.other.nuclescript
#           ^^ source.nuclescript
#             ^^^^^^^^ source.nuclescript support.constant.profile.nuclescript
>}
#^^ source.nuclescript
>
>let noisy: Pool<Illumina, 0.35%> = simulate medical_archive under Illumina
#^^^ source.nuclescript keyword.control.nuclescript
#   ^ source.nuclescript
#    ^^^^^ source.nuclescript variable.other.nuclescript
#         ^^ source.nuclescript
#           ^^^^ source.nuclescript storage.type.nuclescript
#               ^ source.nuclescript keyword.operator.comparison.nuclescript
#                ^^^^^^^^ source.nuclescript support.constant.profile.nuclescript
#                        ^^ source.nuclescript
#                          ^^^^^ source.nuclescript constant.numeric.percentage.nuclescript
#                               ^ source.nuclescript keyword.operator.comparison.nuclescript
#                                ^ source.nuclescript
#                                 ^ source.nuclescript keyword.operator.assignment.nuclescript
#                                  ^ source.nuclescript
#                                   ^^^^^^^^ source.nuclescript keyword.control.nuclescript
#                                           ^ source.nuclescript
#                                            ^^^^^^^^^^^^^^^ source.nuclescript variable.other.nuclescript
#                                                           ^ source.nuclescript
#                                                            ^^^^^ source.nuclescript keyword.control.nuclescript
#                                                                 ^ source.nuclescript
#                                                                  ^^^^^^^^ source.nuclescript support.constant.profile.nuclescript
>
>let recovered: Pool<Recovered> = consensus_vote(noisy, coverage: 10x)
#^^^ source.nuclescript keyword.control.nuclescript
#   ^ source.nuclescript
#    ^^^^^^^^^ source.nuclescript variable.other.nuclescript
#             ^^ source.nuclescript
#               ^^^^ source.nuclescript storage.type.nuclescript
#                   ^ source.nuclescript keyword.operator.comparison.nuclescript
#                    ^^^^^^^^^ source.nuclescript support.constant.pool-state.nuclescript
#                             ^ source.nuclescript keyword.operator.comparison.nuclescript
#                              ^ source.nuclescript
#                               ^ source.nuclescript keyword.operator.assignment.nuclescript
#                                ^ source.nuclescript
#                                 ^^^^^^^^^^^^^^ source.nuclescript keyword.control.nuclescript
#                                               ^ source.nuclescript
#                                                ^^^^^ source.nuclescript variable.other.nuclescript
#                                                     ^^ source.nuclescript
#                                                       ^^^^^^^^ source.nuclescript keyword.control.nuclescript
#                                                               ^^ source.nuclescript
#                                                                 ^^^ source.nuclescript constant.numeric.multiplier.nuclescript
#                                                                    ^^ source.nuclescript
>
>pipeline archive_patient_records {
#^^^^^^^^ source.nuclescript keyword.control.nuclescript
#        ^ source.nuclescript
#         ^^^^^^^^^^^^^^^^^^^^^^^ source.nuclescript variable.other.nuclescript
#                                ^^^ source.nuclescript
>    encode "patient_records_2026.csv" using YinYang,
#^^^^ source.nuclescript
#    ^^^^^^ source.nuclescript keyword.control.nuclescript
#          ^ source.nuclescript
#           ^ source.nuclescript string.quoted.double.nuclescript
#            ^^^^^^^^^^^^^^^^^^^^^^^^ source.nuclescript string.quoted.double.nuclescript
#                                    ^ source.nuclescript string.quoted.double.nuclescript
#                                     ^ source.nuclescript
#                                      ^^^^^ source.nuclescript keyword.control.nuclescript
#                                           ^ source.nuclescript
#                                            ^^^^^^^ source.nuclescript support.constant.codec.nuclescript
#                                                   ^^ source.nuclescript
>    protect with redundancy 4x,
#^^^^ source.nuclescript
#    ^^^^^^^ source.nuclescript keyword.control.nuclescript
#           ^ source.nuclescript
#            ^^^^ source.nuclescript keyword.control.nuclescript
#                ^ source.nuclescript
#                 ^^^^^^^^^^ source.nuclescript keyword.control.nuclescript
#                           ^ source.nuclescript
#                            ^^ source.nuclescript constant.numeric.multiplier.nuclescript
#                              ^^ source.nuclescript
>    store into medical_archive,
#^^^^ source.nuclescript
#    ^^^^^ source.nuclescript keyword.control.nuclescript
#         ^ source.nuclescript
#          ^^^^ source.nuclescript keyword.control.nuclescript
#              ^ source.nuclescript
#               ^^^^^^^^^^^^^^^ source.nuclescript variable.other.nuclescript
#                              ^^ source.nuclescript
>    verify roundtrip
#^^^^ source.nuclescript
#    ^^^^^^ source.nuclescript keyword.control.nuclescript
#          ^ source.nuclescript
#           ^^^^^^^^^ source.nuclescript keyword.control.nuclescript
>}
#^^ source.nuclescript
>