>// Declarative pipeline lowered to VFS write + roundtrip verify
#^^^^^^^^^^^^^^^^^^^^^^^^^^^^^^^^^^^^^^^^^^^^^^^^^^^^^^^^^^^^^^^ source.nuclescript comment.line.double-slash.nuclescript
>pool archive: DnaPool {
#^^^^ source.nuclescript keyword.control.nuclescript
#    ^ source.nuclescript
#     ^^^^^^^ source.nuclescript variable.other.nuclescript
#            ^^ source.nuclescript
#              ^^^^^^^ source.nuclescript storage.type.nuclescript
#                     ^^^ source.nuclescript
>    codec: Ternary,
#^^^^ source.nuclescript
#    ^^^^^ source.nuclescript variable.other.nuclescript
#         ^^ source.nuclescript
#           ^^^^^^^ source.nuclescript support.constant.codec.nuclescript
#                  ^^ source.nuclescript
>    redundancy: 3x,
#^^^^ source.nuclescript
#    ^^^^^^^^^^ source.nuclescript keyword.control.nuclescript
#              ^^ source.nuclescript
#                ^^ source.nuclescript constant.numeric.multiplier.nuclescript
#                  ^^ source.nuclescript
>    profile: Illumina
#^^^^ source.nuclescript
#    ^^^^^^^ source.nuclescript variable.other.nuclescript
#           ^^ source.nuclescript
#             ^^^^^^^^ source.nuclescript support.constant.profile.nuclescript
>}
#^^ source.nuclescript
>
>pipeline backup {
#^^^^^^^^ source.nuclescript keyword.control.nuclescript
#        ^ source.nuclescript
#         ^^^^^^ source.nuclescript variable.other.nuclescript
#               ^^^ source.nuclescript
>    encode "sample_a.txt" using Ternary,
#^^^^ source.nuclescript
#    ^^^^^^ source.nuclescript keyword.control.nuclescript
#          ^ source.nuclescript
#           ^ source.nuclescript string.quoted.double.nuclescript
#            ^^^^^^^^^^^^ source.nuclescript string.quoted.double.nuclescript
#                        ^ source.nuclescript string.quoted.double.nuclescript
#                         ^ source.nuclescript
#                          ^^^^^ source.nuclescript keyword.control.nuclescript
#                               ^ source.nuclescript
#                                ^^^^^^^ source.nuclescript support.constant.codec.nuclescript
#                                       ^^ source.nuclescript
>    protect with redundancy 4x,
#^^^^ source.nuclescript
#    ^^^^^^^ source.nuclescript keyword.control.nuclescript
#           ^ source.nuclescript
#            ^^^^ source.nuclescript keyword.control.nuclescript
#                ^ source.nuclescript
#                 ^^^^^^^^^^ source.nuclescript keyword.control.nuclescript
#                           ^ source.nuclescript
#                            ^^ source.nuclescript constant.numeric.multiplier.nuclescript
#                              ^^ source.nuclescript
>    store into archive,
#^^^^ source.nuclescript
#    ^^^^^ source.nuclescript keyword.control.nuclescript
#         ^ source.nuclescript
#          ^^^^ source.nuclescript keyword.control.nuclescript
#              ^ source.nuclescript
#               ^^^^^^^ source.nuclescript variable.other.nuclescript
#                      ^^ source.nuclescript
>    verify roundtrip
#^^^^ source.nuclescript
#    ^^^^^^ source.nuclescript keyword.control.nuclescript
#          ^ source.nuclescript
#           ^^^^^^^^^ source.nuclescript keyword.control.nuclescript
>}
#^^ source.nuclescript
>