>// Built-in presets are validated by the compiler and ready for package registry expansion.
#^^^^^^^^^^^^^^^^^^^^^^^^^^^^^^^^^^^^^^^^^^^^^^^^^^^^^^^^^^^^^^^^^^^^^^^^^^^^^^^^^^^^^^^^^^^ source.nuclescript comment.line.double-slash.nuclescript
>import {
#^^^^^^ source.nuclescript keyword.control.nuclescript
#      ^^^ source.nuclescript
>    medical_archive,
#^^^^ source.nuclescript
#    ^^^^^^^^^^^^^^^ source.nuclescript variable.other.nuclescript
#                   ^^ source.nuclescript
>    reliable_store as store_recipe,
#^^^^ source.nuclescript
#    ^^^^^^^^^^^^^^ source.nuclescript variable.other.nuclescript
#                  ^ source.nuclescript
#                   ^^ source.nuclescript keyword.control.nuclescript
#                     ^ source.nuclescript
#                      ^^^^^^^^^^^^ source.nuclescript variable.other.nuclescript
#                                  ^^ source.nuclescript
>    illumina_recovery
#^^^^ source.nuclescript
#    ^^^^^^^^^^^^^^^^^ source.nuclescript variable.other.nuclescript
>} from "nuclescript/presets"
#^^ source.nuclescript
#  ^^^^ source.nuclescript keyword.control.nuclescript
#      ^ source.nuclescript
#       ^ source.nuclescript string.quoted.double.nuclescript
#        ^^^^^^^^^^^^^^^^^^^ source.nuclescript string.quoted.double.nuclescript
#                           ^ source.nuclescript string.quoted.double.nuclescript
>
>pool archive: DnaPool {
#^^^^ source.nuclescript keyword.control.nuclescript
#    ^ source.nuclescript
#     ^^^^^^^ source.nuclescript variable.other.nuclescript
#            ^^ source.nuclescript
#              ^^^^^^^ source.nuclescript storage.type.nuclescript
#                     ^^^ source.nuclescript
>    codec: Ternary,
#^^^^ source.nuclescript
#    ^^^^^ source.nuclescript variable.other.nuclescript
#         ^^ source.nuclescript
#           ^^^^^^^ source.nuclescript support.constant.codec.nuclescript
#                  ^^ source.nuclescript
>    redundancy: 3x,
#^^^^ source.nuclescript
#    ^^^^^^^^^^ source.nuclescript keyword.control.nuclescript
#              ^^ source.nuclescript
#                ^^ source.nuclescript constant.numeric.multiplier.nuclescript
#                  ^^ source.nuclescript
>    profile: Illumina
#^^^^ source.nuclescript
#    ^^^^^^^ source.nuclescript variable.other.nuclescript
#           ^^ source.nuclescript
#             ^^^^^^^^ source.nuclescript support.constant.profile.nuclescript
>}
#^^ source.nuclescript
>
>let noisy: Pool<Illumina, 0.35%> = simulate archive under Illumina
#^^^ source.nuclescript keyword.control.nuclescript
#   ^ source.nuclescript
#    ^^^^^ source.nuclescript variable.other.nuclescript
#         ^^ source.nuclescript
#           ^^^^ source.nuclescript storage.type.nuclescript
#               ^ source.nuclescript keyword.operator.comparison.nuclescript
#                ^^^^^^^^ source.nuclescript support.constant.profile.nuclescript
#                        ^^ source.nuclescript
#                          ^^^^^ source.nuclescript constant.numeric.percentage.nuclescript
#                               ^ source.nuclescript keyword.operator.comparison.nuclescript
#                                ^ source.nuclescript
#                                 ^ source.nuclescript keyword.operator.assignment.nuclescript
#                                  ^ source.nuclescript
#                                   ^^^^^^^^ source.nuclescript keyword.control.nuclescript
#                                           ^ source.nuclescript
#                                            ^^^^^^^ source.nuclescript variable.other.nuclescript
#                                                   ^ source.nuclescript
#                                                    ^^^^^ source.nuclescript keyword.control.nuclescript
#                                                         ^ source.nuclescript
#                                                          ^^^^^^^^ source.nuclescript support.constant.profile.nuclescript
>let recovered: Pool<Recovered> = consensus_vote(noisy, coverage: 10x)
#^^^ source.nuclescript keyword.control.nuclescript
#   ^ source.nuclescript
#    ^^^^^^^^^ source.nuclescript variable.other.nuclescript
#             ^^ source.nuclescript
#               ^^^^ source.nuclescript storage.type.nuclescript
#                   ^ source.nuclescript keyword.operator.comparison.nuclescript
#                    ^^^^^^^^^ source.nuclescript support.constant.pool-state.nuclescript
#                             ^ source.nuclescript keyword.operator.comparison.nuclescript
#                              ^ source.nuclescript
#                               ^ source.nuclescript keyword.operator.assignment.nuclescript
#                                ^ source.nuclescript
#                                 ^^^^^^^^^^^^^^ source.nuclescript keyword.control.nuclescript
#                                               ^ source.nuclescript
#                                                ^^^^^ source.nuclescript variable.other.nuclescript
#                                                     ^^ source.nuclescript
#                                                       ^^^^^^^^ source.nuclescript keyword.control.nuclescript
#                                                               ^^ source.nuclescript
#                                                                 ^^^ source.nuclescript constant.numeric.multiplier.nuclescript
#                                                                    ^^ source.nuclescript
>